<?php return array (
  0 => 'Symfony\\Bundle\\FrameworkBundle\\Controller\\AbstractController',
  1 => 'App\\Controller\\AbonnementController',
  2 => 'App\\Controller\\ActualiteController',
  3 => 'App\\Controller\\AdController',
  4 => 'App\\Controller\\AthleteController',
  5 => 'App\\Controller\\CategorieController',
  6 => 'App\\Controller\\CompetitionController',
  7 => 'App\\Controller\\HomeController',
  8 => 'App\\Controller\\RegistrationController',
  9 => 'App\\Controller\\SecurityController',
  10 => 'App\\Controller\\TournoiController',
  11 => 'App\\Controller\\UnverifiedController',
  12 => 'App\\Controller\\UserController',
  13 => 'App\\Entity\\Abonnement',
  14 => 'App\\Entity\\Actualite',
  15 => 'App\\Entity\\Athlete',
  16 => 'App\\Entity\\Categorie',
  17 => 'App\\Entity\\Competition',
  18 => 'App\\Entity\\Tournoi',
  19 => 'App\\Entity\\User',
  20 => 'Captcha\\Bundle\\CaptchaBundle\\Controller\\CaptchaHandlerController',
  21 => 'Captcha\\Bundle\\CaptchaBundle\\Controller\\SimpleCaptchaHandlerController',
  22 => 'Doctrine\\Bundle\\DoctrineBundle\\Controller\\ProfilerController',
  23 => 'Doctrine\\ORM\\Cache\\Persister\\Entity\\AbstractEntityPersister',
  24 => 'Doctrine\\ORM\\Cache\\Persister\\Entity\\CachedEntityPersister',
  25 => 'Doctrine\\ORM\\Cache\\Persister\\Entity\\NonStrictReadWriteCachedEntityPersister',
  26 => 'Doctrine\\ORM\\Cache\\Persister\\Entity\\ReadOnlyCachedEntityPersister',
  27 => 'Doctrine\\ORM\\Cache\\Persister\\Entity\\ReadWriteCachedEntityPersister',
  28 => 'Doctrine\\ORM\\Persisters\\Entity\\AbstractEntityInheritancePersister',
  29 => 'Doctrine\\ORM\\Persisters\\Entity\\BasicEntityPersister',
  30 => 'Doctrine\\ORM\\Persisters\\Entity\\CachedPersisterContext',
  31 => 'Doctrine\\ORM\\Persisters\\Entity\\EntityPersister',
  32 => 'Doctrine\\ORM\\Persisters\\Entity\\JoinedSubclassPersister',
  33 => 'Doctrine\\ORM\\Persisters\\Entity\\SingleTablePersister',
  35 => 'Symfony\\Bundle\\FrameworkBundle\\Controller\\ControllerResolver',
  36 => 'Symfony\\Bundle\\FrameworkBundle\\Controller\\RedirectController',
  37 => 'Symfony\\Bundle\\FrameworkBundle\\Controller\\TemplateController',
  38 => 'Symfony\\Bundle\\WebProfilerBundle\\Controller\\ExceptionPanelController',
  39 => 'Symfony\\Bundle\\WebProfilerBundle\\Controller\\ProfilerController',
  40 => 'Symfony\\Bundle\\WebProfilerBundle\\Controller\\RouterController',
  41 => 'Symfony\\Component\\HttpKernel\\Controller\\ArgumentResolver',
  42 => 'Symfony\\Component\\HttpKernel\\Controller\\ArgumentResolverInterface',
  43 => 'Symfony\\Component\\HttpKernel\\Controller\\ArgumentResolver\\DefaultValueResolver',
  44 => 'Symfony\\Component\\HttpKernel\\Controller\\ArgumentResolver\\NotTaggedControllerValueResolver',
  45 => 'Symfony\\Component\\HttpKernel\\Controller\\ArgumentResolver\\RequestAttributeValueResolver',
  46 => 'Symfony\\Component\\HttpKernel\\Controller\\ArgumentResolver\\RequestValueResolver',
  47 => 'Symfony\\Component\\HttpKernel\\Controller\\ArgumentResolver\\ServiceValueResolver',
  48 => 'Symfony\\Component\\HttpKernel\\Controller\\ArgumentResolver\\SessionValueResolver',
  49 => 'Symfony\\Component\\HttpKernel\\Controller\\ArgumentResolver\\TraceableValueResolver',
  50 => 'Symfony\\Component\\HttpKernel\\Controller\\ArgumentResolver\\VariadicValueResolver',
  51 => 'Symfony\\Component\\HttpKernel\\Controller\\ArgumentValueResolverInterface',
  52 => 'Symfony\\Component\\HttpKernel\\Controller\\ContainerControllerResolver',
  53 => 'Symfony\\Component\\HttpKernel\\Controller\\ControllerReference',
  54 => 'Symfony\\Component\\HttpKernel\\Controller\\ControllerResolver',
  55 => 'Symfony\\Component\\HttpKernel\\Controller\\ControllerResolverInterface',
  56 => 'Symfony\\Component\\HttpKernel\\Controller\\ErrorController',
  57 => 'Symfony\\Component\\HttpKernel\\Controller\\TraceableArgumentResolver',
  58 => 'Symfony\\Component\\HttpKernel\\Controller\\TraceableControllerResolver',
  59 => 'Symfony\\Component\\Security\\Http\\Controller\\UserValueResolver',
);